stm32f4xx_it.c:72:11:get_pwmWidth	4	static
stm32f4xx_it.c:77:10:get_counter	4	static
stm32f4xx_it.c:82:11:get_frequency	4	static
stm32f4xx_it.c:90:6:NMI_Handler	4	static
stm32f4xx_it.c:105:6:HardFault_Handler	4	static
stm32f4xx_it.c:120:6:MemManage_Handler	4	static
stm32f4xx_it.c:135:6:BusFault_Handler	4	static
stm32f4xx_it.c:150:6:UsageFault_Handler	4	static
stm32f4xx_it.c:165:6:SVC_Handler	4	static
stm32f4xx_it.c:178:6:DebugMon_Handler	4	static
stm32f4xx_it.c:191:6:PendSV_Handler	4	static
stm32f4xx_it.c:204:6:SysTick_Handler	8	static
stm32f4xx_it.c:225:6:EXTI9_5_IRQHandler	16	static
stm32f4xx_it.c:274:6:TIM4_IRQHandler	8	static
stm32f4xx_it.c:289:6:EXTI15_10_IRQHandler	16	static
