stm32f4xx_it.c:71:10:get_BlueLed	4	static
stm32f4xx_it.c:76:10:get_RedLed	4	static
stm32f4xx_it.c:81:10:get_OrangeLed	4	static
stm32f4xx_it.c:86:10:get_GreenLed	4	static
stm32f4xx_it.c:93:6:NMI_Handler	4	static
stm32f4xx_it.c:108:6:HardFault_Handler	4	static
stm32f4xx_it.c:123:6:MemManage_Handler	4	static
stm32f4xx_it.c:138:6:BusFault_Handler	4	static
stm32f4xx_it.c:153:6:UsageFault_Handler	4	static
stm32f4xx_it.c:168:6:SVC_Handler	4	static
stm32f4xx_it.c:181:6:DebugMon_Handler	4	static
stm32f4xx_it.c:194:6:PendSV_Handler	4	static
stm32f4xx_it.c:207:6:SysTick_Handler	8	static
stm32f4xx_it.c:228:6:EXTI9_5_IRQHandler	16	static
stm32f4xx_it.c:261:6:EXTI15_10_IRQHandler	16	static
